Archive member included to satisfy reference by file (symbol)

/usr/local/Cellar/arm-none-eabi-gcc/9-2019-q4-major/gcc/bin/../lib/gcc/arm-none-eabi/9.2.1/thumb/v7e-m/nofp/libgcc.a(_aeabi_uldivmod.o)
                              CMakeFiles/Project123.elf.dir/Drivers/STM32F4xx_HAL_Driver/Src/stm32f4xx_hal_rcc.c.obj (__aeabi_uldivmod)
/usr/local/Cellar/arm-none-eabi-gcc/9-2019-q4-major/gcc/bin/../lib/gcc/arm-none-eabi/9.2.1/thumb/v7e-m/nofp/libgcc.a(_udivmoddi4.o)
                              /usr/local/Cellar/arm-none-eabi-gcc/9-2019-q4-major/gcc/bin/../lib/gcc/arm-none-eabi/9.2.1/thumb/v7e-m/nofp/libgcc.a(_aeabi_uldivmod.o) (__udivmoddi4)
/usr/local/Cellar/arm-none-eabi-gcc/9-2019-q4-major/gcc/bin/../lib/gcc/arm-none-eabi/9.2.1/thumb/v7e-m/nofp/libgcc.a(_dvmd_tls.o)
                              /usr/local/Cellar/arm-none-eabi-gcc/9-2019-q4-major/gcc/bin/../lib/gcc/arm-none-eabi/9.2.1/thumb/v7e-m/nofp/libgcc.a(_aeabi_uldivmod.o) (__aeabi_ldiv0)
/usr/local/Cellar/arm-none-eabi-gcc/9-2019-q4-major/gcc/bin/../lib/gcc/arm-none-eabi/9.2.1/../../../../arm-none-eabi/lib/thumb/v7e-m/nofp/libg.a(lib_a-errno.o)
                              CMakeFiles/Project123.elf.dir/Core/Src/syscalls.c.obj (__errno)
/usr/local/Cellar/arm-none-eabi-gcc/9-2019-q4-major/gcc/bin/../lib/gcc/arm-none-eabi/9.2.1/../../../../arm-none-eabi/lib/thumb/v7e-m/nofp/libg.a(lib_a-exit.o)
                              /usr/local/Cellar/arm-none-eabi-gcc/9-2019-q4-major/gcc/bin/../lib/gcc/arm-none-eabi/9.2.1/../../../../arm-none-eabi/lib/thumb/v7e-m/nofp/crt0.o (exit)
/usr/local/Cellar/arm-none-eabi-gcc/9-2019-q4-major/gcc/bin/../lib/gcc/arm-none-eabi/9.2.1/../../../../arm-none-eabi/lib/thumb/v7e-m/nofp/libg.a(lib_a-impure.o)
                              /usr/local/Cellar/arm-none-eabi-gcc/9-2019-q4-major/gcc/bin/../lib/gcc/arm-none-eabi/9.2.1/../../../../arm-none-eabi/lib/thumb/v7e-m/nofp/libg.a(lib_a-exit.o) (_global_impure_ptr)
/usr/local/Cellar/arm-none-eabi-gcc/9-2019-q4-major/gcc/bin/../lib/gcc/arm-none-eabi/9.2.1/../../../../arm-none-eabi/lib/thumb/v7e-m/nofp/libg.a(lib_a-init.o)
                              /usr/local/Cellar/arm-none-eabi-gcc/9-2019-q4-major/gcc/bin/../lib/gcc/arm-none-eabi/9.2.1/../../../../arm-none-eabi/lib/thumb/v7e-m/nofp/crt0.o (__libc_init_array)
/usr/local/Cellar/arm-none-eabi-gcc/9-2019-q4-major/gcc/bin/../lib/gcc/arm-none-eabi/9.2.1/../../../../arm-none-eabi/lib/thumb/v7e-m/nofp/libg.a(lib_a-memset.o)
                              /usr/local/Cellar/arm-none-eabi-gcc/9-2019-q4-major/gcc/bin/../lib/gcc/arm-none-eabi/9.2.1/../../../../arm-none-eabi/lib/thumb/v7e-m/nofp/crt0.o (memset)
/usr/local/Cellar/arm-none-eabi-gcc/9-2019-q4-major/gcc/bin/../lib/gcc/arm-none-eabi/9.2.1/../../../../arm-none-eabi/lib/thumb/v7e-m/nofp/libg.a(lib_a-__call_atexit.o)
                              /usr/local/Cellar/arm-none-eabi-gcc/9-2019-q4-major/gcc/bin/../lib/gcc/arm-none-eabi/9.2.1/../../../../arm-none-eabi/lib/thumb/v7e-m/nofp/libg.a(lib_a-exit.o) (__call_exitprocs)
/usr/local/Cellar/arm-none-eabi-gcc/9-2019-q4-major/gcc/bin/../lib/gcc/arm-none-eabi/9.2.1/../../../../arm-none-eabi/lib/thumb/v7e-m/nofp/libg.a(lib_a-atexit.o)
                              /usr/local/Cellar/arm-none-eabi-gcc/9-2019-q4-major/gcc/bin/../lib/gcc/arm-none-eabi/9.2.1/../../../../arm-none-eabi/lib/thumb/v7e-m/nofp/libg.a(lib_a-__call_atexit.o) (atexit)
/usr/local/Cellar/arm-none-eabi-gcc/9-2019-q4-major/gcc/bin/../lib/gcc/arm-none-eabi/9.2.1/../../../../arm-none-eabi/lib/thumb/v7e-m/nofp/libg.a(lib_a-fini.o)
                              /usr/local/Cellar/arm-none-eabi-gcc/9-2019-q4-major/gcc/bin/../lib/gcc/arm-none-eabi/9.2.1/../../../../arm-none-eabi/lib/thumb/v7e-m/nofp/libg.a(lib_a-__call_atexit.o) (__libc_fini_array)
/usr/local/Cellar/arm-none-eabi-gcc/9-2019-q4-major/gcc/bin/../lib/gcc/arm-none-eabi/9.2.1/../../../../arm-none-eabi/lib/thumb/v7e-m/nofp/libg.a(lib_a-lock.o)
                              /usr/local/Cellar/arm-none-eabi-gcc/9-2019-q4-major/gcc/bin/../lib/gcc/arm-none-eabi/9.2.1/../../../../arm-none-eabi/lib/thumb/v7e-m/nofp/libg.a(lib_a-__call_atexit.o) (__retarget_lock_acquire_recursive)
/usr/local/Cellar/arm-none-eabi-gcc/9-2019-q4-major/gcc/bin/../lib/gcc/arm-none-eabi/9.2.1/../../../../arm-none-eabi/lib/thumb/v7e-m/nofp/libg.a(lib_a-__atexit.o)
                              /usr/local/Cellar/arm-none-eabi-gcc/9-2019-q4-major/gcc/bin/../lib/gcc/arm-none-eabi/9.2.1/../../../../arm-none-eabi/lib/thumb/v7e-m/nofp/libg.a(lib_a-atexit.o) (__register_exitproc)

Allocating common symbols
Common symbol       size              file

__lock___atexit_recursive_mutex
                    0x1               /usr/local/Cellar/arm-none-eabi-gcc/9-2019-q4-major/gcc/bin/../lib/gcc/arm-none-eabi/9.2.1/../../../../arm-none-eabi/lib/thumb/v7e-m/nofp/libg.a(lib_a-lock.o)
__lock___arc4random_mutex
[...]
Memory Configuration

Name             Origin             Length             Attributes
CCMRAM           0x0000000010000000 0x0000000000010000 xrw
RAM              0x0000000020000000 0x0000000000020000 xrw
FLASH            0x0000000008000000 0x0000000000100000 xr
*default*        0x0000000000000000 0xffffffffffffffff

Linker script and memory map

LOAD /usr/local/Cellar/arm-none-eabi-gcc/9-2019-q4-major/gcc/bin/../lib/gcc/arm-none-eabi/9.2.1/thumb/v7e-m/nofp/crti.o
LOAD /usr/local/Cellar/arm-none-eabi-gcc/9-2019-q4-major/gcc/bin/../lib/gcc/arm-none-eabi/9.2.1/thumb/v7e-m/nofp/crtbegin.o
LOAD /usr/local/Cellar/arm-none-eabi-gcc/9-2019-q4-major/gcc/bin/../lib/gcc/arm-none-eabi/9.2.1/../../../../arm-none-eabi/lib/thumb/v7e-m/nofp/crt0.o
LOAD CMakeFiles/Project123.elf.dir/Core/Src/dma.c.obj
LOAD CMakeFiles/Project123.elf.dir/Core/Src/gpio.c.obj
LOAD CMakeFiles/Project123.elf.dir/Core/Src/main.c.obj
LOAD CMakeFiles/Project123.elf.dir/Core/Src/stm32f4xx_hal_msp.c.obj
LOAD CMakeFiles/Project123.elf.dir/Core/Src/stm32f4xx_it.c.obj
LOAD CMakeFiles/Project123.elf.dir/Core/Src/syscalls.c.obj
LOAD CMakeFiles/Project123.elf.dir/Core/Src/sysmem.c.obj
LOAD CMakeFiles/Project123.elf.dir/Core/Src/system_stm32f4xx.c.obj
LOAD CMakeFiles/Project123.elf.dir/Core/Src/tim.c.obj
LOAD CMakeFiles/Project123.elf.dir/Core/Src/usart.c.obj
LOAD CMakeFiles/Project123.elf.dir/Core/Startup/startup_stm32f407zgtx.s.obj
LOAD CMakeFiles/Project123.elf.dir/Drivers/STM32F4xx_HAL_Driver/Src/stm32f4xx_hal.c.obj
LOAD CMakeFiles/Project123.elf.dir/Drivers/STM32F4xx_HAL_Driver/Src/stm32f4xx_hal_cortex.c.obj
LOAD CMakeFiles/Project123.elf.dir/Drivers/STM32F4xx_HAL_Driver/Src/stm32f4xx_hal_dma.c.obj
LOAD CMakeFiles/Project123.elf.dir/Drivers/STM32F4xx_HAL_Driver/Src/stm32f4xx_hal_dma_ex.c.obj
LOAD CMakeFiles/Project123.elf.dir/Drivers/STM32F4xx_HAL_Driver/Src/stm32f4xx_hal_exti.c.obj
LOAD CMakeFiles/Project123.elf.dir/Drivers/STM32F4xx_HAL_Driver/Src/stm32f4xx_hal_flash.c.obj
LOAD CMakeFiles/Project123.elf.dir/Drivers/STM32F4xx_HAL_Driver/Src/stm32f4xx_hal_flash_ex.c.obj
LOAD CMakeFiles/Project123.elf.dir/Drivers/STM32F4xx_HAL_Driver/Src/stm32f4xx_hal_flash_ramfunc.c.obj
LOAD CMakeFiles/Project123.elf.dir/Drivers/STM32F4xx_HAL_Driver/Src/stm32f4xx_hal_gpio.c.obj
LOAD CMakeFiles/Project123.elf.dir/Drivers/STM32F4xx_HAL_Driver/Src/stm32f4xx_hal_pwr.c.obj
LOAD CMakeFiles/Project123.elf.dir/Drivers/STM32F4xx_HAL_Driver/Src/stm32f4xx_hal_pwr_ex.c.obj
LOAD CMakeFiles/Project123.elf.dir/Drivers/STM32F4xx_HAL_Driver/Src/stm32f4xx_hal_rcc.c.obj
LOAD CMakeFiles/Project123.elf.dir/Drivers/STM32F4xx_HAL_Driver/Src/stm32f4xx_hal_rcc_ex.c.obj
LOAD CMakeFiles/Project123.elf.dir/Drivers/STM32F4xx_HAL_Driver/Src/stm32f4xx_hal_tim.c.obj
LOAD CMakeFiles/Project123.elf.dir/Drivers/STM32F4xx_HAL_Driver/Src/stm32f4xx_hal_tim_ex.c.obj
LOAD CMakeFiles/Project123.elf.dir/Drivers/STM32F4xx_HAL_Driver/Src/stm32f4xx_hal_uart.c.obj
START GROUP
LOAD /usr/local/Cellar/arm-none-eabi-gcc/9-2019-q4-major/gcc/bin/../lib/gcc/arm-none-eabi/9.2.1/thumb/v7e-m/nofp/libgcc.a
LOAD /usr/local/Cellar/arm-none-eabi-gcc/9-2019-q4-major/gcc/bin/../lib/gcc/arm-none-eabi/9.2.1/../../../../arm-none-eabi/lib/thumb/v7e-m/nofp/libg.a
LOAD /usr/local/Cellar/arm-none-eabi-gcc/9-2019-q4-major/gcc/bin/../lib/gcc/arm-none-eabi/9.2.1/../../../../arm-none-eabi/lib/thumb/v7e-m/nofp/libc.a
END GROUP
LOAD /usr/local/Cellar/arm-none-eabi-gcc/9-2019-q4-major/gcc/bin/../lib/gcc/arm-none-eabi/9.2.1/thumb/v7e-m/nofp/crtend.o
LOAD /usr/local/Cellar/arm-none-eabi-gcc/9-2019-q4-major/gcc/bin/../lib/gcc/arm-none-eabi/9.2.1/thumb/v7e-m/nofp/crtn.o
                0x0000000020020000                _estack = (ORIGIN (RAM) + LENGTH (RAM))
                0x0000000000000200                _Min_Heap_Size = 0x200
                0x0000000000000400                _Min_Stack_Size = 0x400

.isr_vector     0x0000000008000000      0x188
                0x0000000008000000                . = ALIGN (0x4)
 *(.isr_vector)
 .isr_vector    0x0000000008000000      0x188 CMakeFiles/Project123.elf.dir/Core/Startup/startup_stm32f407zgtx.s.obj
                0x0000000008000000                g_pfnVectors
                0x0000000008000188                . = ALIGN (0x4)

.text           0x0000000008000188     0x2324
                0x0000000008000188                . = ALIGN (0x4)
 *(.text)
 .text          0x0000000008000188       0x40 /usr/local/Cellar/arm-none-eabi-gcc/9-2019-q4-major/gcc/bin/../lib/gcc/arm-none-eabi/9.2.1/thumb/v7e-m/nofp/crtbegin.o
 .text          0x00000000080001c8       0x30 /usr/local/Cellar/arm-none-eabi-gcc/9-2019-q4-major/gcc/bin/../lib/gcc/arm-none-eabi/9.2.1/thumb/v7e-m/nofp/libgcc.a(_aeabi_uldivmod.o)
                0x00000000080001c8                __aeabi_uldivmod
 .text          0x00000000080001f8      0x2c0 /usr/local/Cellar/arm-none-eabi-gcc/9-2019-q4-major/gcc/bin/../lib/gcc/arm-none-eabi/9.2.1/thumb/v7e-m/nofp/libgcc.a(_udivmoddi4.o)
                0x00000000080001f8                __udivmoddi4
 .text          0x00000000080004b8        0x4 /usr/local/Cellar/arm-none-eabi-gcc/9-2019-q4-major/gcc/bin/../lib/gcc/arm-none-eabi/9.2.1/thumb/v7e-m/nofp/libgcc.a(_dvmd_tls.o)
                0x00000000080004b8                __aeabi_ldiv0
                0x00000000080004b8                __aeabi_idiv0
 *(.text*)
 .text.MX_DMA_Init
                0x00000000080004bc       0x44 CMakeFiles/Project123.elf.dir/Core/Src/dma.c.obj
                0x00000000080004bc                MX_DMA_Init
 .text.MX_GPIO_Init
                0x0000000008000500       0x38 CMakeFiles/Project123.elf.dir/Core/Src/gpio.c.obj
                0x0000000008000500                MX_GPIO_Init
 .text.HAL_TIM_IC_CaptureCallback
                0x0000000008000538       0xc4 CMakeFiles/Project123.elf.dir/Core/Src/main.c.obj
                0x0000000008000538                HAL_TIM_IC_CaptureCallback
 .text.Error_Handler
                0x00000000080005fc        0x4 CMakeFiles/Project123.elf.dir/Core/Src/main.c.obj
                0x00000000080005fc                Error_Handler
 .text.SystemClock_Config
                0x0000000008000600       0xa4 CMakeFiles/Project123.elf.dir/Core/Src/main.c.obj
                0x0000000008000600                SystemClock_Config
 .text.main     0x00000000080006a4      0x104 CMakeFiles/Project123.elf.dir/Core/Src/main.c.obj
                0x00000000080006a4                main
 .text.HAL_MspInit
                0x00000000080007a8       0x38 CMakeFiles/Project123.elf.dir/Core/Src/stm32f4xx_hal_msp.c.obj
                0x00000000080007a8                HAL_MspInit
 .text.NMI_Handler
                0x00000000080007e0        0x2 CMakeFiles/Project123.elf.dir/Core/Src/stm32f4xx_it.c.obj
                0x00000000080007e0                NMI_Handler
 .text.HardFault_Handler
                0x00000000080007e2        0x2 CMakeFiles/Project123.elf.dir/Core/Src/stm32f4xx_it.c.obj
                0x00000000080007e2                HardFault_Handler
 .text.MemManage_Handler
                0x00000000080007e4        0x2 CMakeFiles/Project123.elf.dir/Core/Src/stm32f4xx_it.c.obj
                0x00000000080007e4                MemManage_Handler
 .text.BusFault_Handler
                0x00000000080007e6        0x2 CMakeFiles/Project123.elf.dir/Core/Src/stm32f4xx_it.c.obj
                0x00000000080007e6                BusFault_Handler
 .text.UsageFault_Handler
                0x00000000080007e8        0x2 CMakeFiles/Project123.elf.dir/Core/Src/stm32f4xx_it.c.obj
                0x00000000080007e8                UsageFault_Handler
 .text.SVC_Handler
                0x00000000080007ea        0x2 CMakeFiles/Project123.elf.dir/Core/Src/stm32f4xx_it.c.obj
                0x00000000080007ea                SVC_Handler
 .text.DebugMon_Handler
                0x00000000080007ec        0x2 CMakeFiles/Project123.elf.dir/Core/Src/stm32f4xx_it.c.obj
                0x00000000080007ec                DebugMon_Handler
 .text.PendSV_Handler
                0x00000000080007ee        0x2 CMakeFiles/Project123.elf.dir/Core/Src/stm32f4xx_it.c.obj
                0x00000000080007ee                PendSV_Handler
 .text.SysTick_Handler
                0x00000000080007f0        0x8 CMakeFiles/Project123.elf.dir/Core/Src/stm32f4xx_it.c.obj
                0x00000000080007f0                SysTick_Handler
 .text.USART1_IRQHandler
                0x00000000080007f8       0x10 CMakeFiles/Project123.elf.dir/Core/Src/stm32f4xx_it.c.obj
                0x00000000080007f8                USART1_IRQHandler
 .text.TIM5_IRQHandler
                0x0000000008000808       0x10 CMakeFiles/Project123.elf.dir/Core/Src/stm32f4xx_it.c.obj
                0x0000000008000808                TIM5_IRQHandler
 .text.DMA2_Stream2_IRQHandler
                0x0000000008000818       0x10 CMakeFiles/Project123.elf.dir/Core/Src/stm32f4xx_it.c.obj
                0x0000000008000818                DMA2_Stream2_IRQHandler
 .text.DMA2_Stream7_IRQHandler
                0x0000000008000828       0x10 CMakeFiles/Project123.elf.dir/Core/Src/stm32f4xx_it.c.obj
                0x0000000008000828                DMA2_Stream7_IRQHandler
 .text.SystemInit
                0x0000000008000838       0x10 CMakeFiles/Project123.elf.dir/Core/Src/system_stm32f4xx.c.obj
                0x0000000008000838                SystemInit
 .text.MX_TIM5_Init
                0x0000000008000848       0x74 CMakeFiles/Project123.elf.dir/Core/Src/tim.c.obj
                0x0000000008000848                MX_TIM5_Init
 .text.HAL_TIM_IC_MspInit
                0x00000000080008bc       0x7c CMakeFiles/Project123.elf.dir/Core/Src/tim.c.obj
                0x00000000080008bc                HAL_TIM_IC_MspInit
 .text.MX_USART1_UART_Init
                0x0000000008000938       0x34 CMakeFiles/Project123.elf.dir/Core/Src/usart.c.obj
                0x0000000008000938                MX_USART1_UART_Init
 .text.HAL_UART_MspInit
                0x000000000800096c       0xfc CMakeFiles/Project123.elf.dir/Core/Src/usart.c.obj
                0x000000000800096c                HAL_UART_MspInit
 .text.Reset_Handler
                0x0000000008000a68       0x50 CMakeFiles/Project123.elf.dir/Core/Startup/startup_stm32f407zgtx.s.obj
                0x0000000008000a68                Reset_Handler
 .text.Default_Handler
                0x0000000008000ab8        0x2 CMakeFiles/Project123.elf.dir/Core/Startup/startup_stm32f407zgtx.s.obj
                0x0000000008000ab8                DMA1_Stream3_IRQHandler
                0x0000000008000ab8                HASH_RNG_IRQHandler
                0x0000000008000ab8                EXTI2_IRQHandler
                0x0000000008000ab8                TIM8_CC_IRQHandler
                0x0000000008000ab8                TIM1_CC_IRQHandler
                0x0000000008000ab8                DMA2_Stream5_IRQHandler
                0x0000000008000ab8                DMA1_Stream5_IRQHandler
                0x0000000008000ab8                PVD_IRQHandler
                0x0000000008000ab8                SDIO_IRQHandler
                0x0000000008000ab8                TAMP_STAMP_IRQHandler
                0x0000000008000ab8                CAN2_RX1_IRQHandler
                0x0000000008000ab8                EXTI3_IRQHandler
                0x0000000008000ab8                TIM8_TRG_COM_TIM14_IRQHandler
                0x0000000008000ab8                TIM1_UP_TIM10_IRQHandler
                0x0000000008000ab8                TIM8_UP_TIM13_IRQHandler
                0x0000000008000ab8                I2C3_ER_IRQHandler
                0x0000000008000ab8                EXTI0_IRQHandler
                0x0000000008000ab8                I2C2_EV_IRQHandler
                0x0000000008000ab8                DMA1_Stream2_IRQHandler
                0x0000000008000ab8                CAN1_RX0_IRQHandler
                0x0000000008000ab8                FPU_IRQHandler
                0x0000000008000ab8                OTG_HS_WKUP_IRQHandler
                0x0000000008000ab8                CAN2_SCE_IRQHandler
                0x0000000008000ab8                SPI1_IRQHandler
                0x0000000008000ab8                TIM6_DAC_IRQHandler
                0x0000000008000ab8                TIM1_BRK_TIM9_IRQHandler
                0x0000000008000ab8                DCMI_IRQHandler
                0x0000000008000ab8                CAN2_RX0_IRQHandler
                0x0000000008000ab8                DMA2_Stream3_IRQHandler
                0x0000000008000ab8                USART6_IRQHandler
                0x0000000008000ab8                USART3_IRQHandler
                0x0000000008000ab8                CAN1_RX1_IRQHandler
                0x0000000008000ab8                UART5_IRQHandler
                0x0000000008000ab8                DMA2_Stream0_IRQHandler
                0x0000000008000ab8                TIM4_IRQHandler
                0x0000000008000ab8                I2C1_EV_IRQHandler
                0x0000000008000ab8                DMA1_Stream6_IRQHandler
                0x0000000008000ab8                DMA1_Stream1_IRQHandler
                0x0000000008000ab8                UART4_IRQHandler
                0x0000000008000ab8                TIM3_IRQHandler
                0x0000000008000ab8                RCC_IRQHandler
                0x0000000008000ab8                TIM8_BRK_TIM12_IRQHandler
                0x0000000008000ab8                Default_Handler
                0x0000000008000ab8                EXTI15_10_IRQHandler
                0x0000000008000ab8                ADC_IRQHandler
                0x0000000008000ab8                DMA1_Stream7_IRQHandler
                0x0000000008000ab8                TIM7_IRQHandler
                0x0000000008000ab8                CAN2_TX_IRQHandler
                0x0000000008000ab8                I2C3_EV_IRQHandler
                0x0000000008000ab8                EXTI9_5_IRQHandler
                0x0000000008000ab8                RTC_WKUP_IRQHandler
                0x0000000008000ab8                ETH_WKUP_IRQHandler
                0x0000000008000ab8                SPI2_IRQHandler
                0x0000000008000ab8                OTG_HS_EP1_IN_IRQHandler
                0x0000000008000ab8                DMA1_Stream0_IRQHandler
                0x0000000008000ab8                CAN1_TX_IRQHandler
                0x0000000008000ab8                EXTI4_IRQHandler
                0x0000000008000ab8                FSMC_IRQHandler
                0x0000000008000ab8                ETH_IRQHandler
                0x0000000008000ab8                OTG_HS_EP1_OUT_IRQHandler
                0x0000000008000ab8                WWDG_IRQHandler
                0x0000000008000ab8                TIM2_IRQHandler
                0x0000000008000ab8                OTG_FS_WKUP_IRQHandler
                0x0000000008000ab8                TIM1_TRG_COM_TIM11_IRQHandler
                0x0000000008000ab8                OTG_HS_IRQHandler
                0x0000000008000ab8                EXTI1_IRQHandler
                0x0000000008000ab8                USART2_IRQHandler
                0x0000000008000ab8                I2C2_ER_IRQHandler
                0x0000000008000ab8                DMA2_Stream1_IRQHandler
                0x0000000008000ab8                CAN1_SCE_IRQHandler
                0x0000000008000ab8                FLASH_IRQHandler
                0x0000000008000ab8                DMA2_Stream4_IRQHandler
                0x0000000008000ab8                OTG_FS_IRQHandler
                0x0000000008000ab8                SPI3_IRQHandler
                0x0000000008000ab8                DMA1_Stream4_IRQHandler
                0x0000000008000ab8                I2C1_ER_IRQHandler
                0x0000000008000ab8                DMA2_Stream6_IRQHandler
                0x0000000008000ab8                RTC_Alarm_IRQHandler
 *fill*         0x0000000008000aba        0x2 
 .text.HAL_InitTick
                0x0000000008000abc       0x4c CMakeFiles/Project123.elf.dir/Drivers/STM32F4xx_HAL_Driver/Src/stm32f4xx_hal.c.obj
                0x0000000008000abc                HAL_InitTick
 .text.HAL_Init
                0x0000000008000b08       0x34 CMakeFiles/Project123.elf.dir/Drivers/STM32F4xx_HAL_Driver/Src/stm32f4xx_hal.c.obj
                0x0000000008000b08                HAL_Init
 .text.HAL_IncTick
                0x0000000008000b3c       0x18 CMakeFiles/Project123.elf.dir/Drivers/STM32F4xx_HAL_Driver/Src/stm32f4xx_hal.c.obj
                0x0000000008000b3c                HAL_IncTick
 .text.HAL_GetTick
                0x0000000008000b54        0xc CMakeFiles/Project123.elf.dir/Drivers/STM32F4xx_HAL_Driver/Src/stm32f4xx_hal.c.obj
                0x0000000008000b54                HAL_GetTick
 .text.HAL_Delay
                0x0000000008000b60       0x28 CMakeFiles/Project123.elf.dir/Drivers/STM32F4xx_HAL_Driver/Src/stm32f4xx_hal.c.obj
                0x0000000008000b60                HAL_Delay
 .text.HAL_NVIC_SetPriorityGrouping
                0x0000000008000b88       0x24 CMakeFiles/Project123.elf.dir/Drivers/STM32F4xx_HAL_Driver/Src/stm32f4xx_hal_cortex.c.obj
                0x0000000008000b88                HAL_NVIC_SetPriorityGrouping
 .text.HAL_NVIC_SetPriority
                0x0000000008000bac       0x68 CMakeFiles/Project123.elf.dir/Drivers/STM32F4xx_HAL_Driver/Src/stm32f4xx_hal_cortex.c.obj
                0x0000000008000bac                HAL_NVIC_SetPriority
 .text.HAL_NVIC_EnableIRQ
                0x0000000008000c14       0x1c CMakeFiles/Project123.elf.dir/Drivers/STM32F4xx_HAL_Driver/Src/stm32f4xx_hal_cortex.c.obj
                0x0000000008000c14                HAL_NVIC_EnableIRQ
 .text.HAL_SYSTICK_Config
                0x0000000008000c30       0x2c CMakeFiles/Project123.elf.dir/Drivers/STM32F4xx_HAL_Driver/Src/stm32f4xx_hal_cortex.c.obj
                0x0000000008000c30                HAL_SYSTICK_Config
 .text.DMA_CalcBaseAndBitshift
                0x0000000008000c5c       0x40 CMakeFiles/Project123.elf.dir/Drivers/STM32F4xx_HAL_Driver/Src/stm32f4xx_hal_dma.c.obj
 .text.DMA_CheckFifoParam
                0x0000000008000c9c       0x8e CMakeFiles/Project123.elf.dir/Drivers/STM32F4xx_HAL_Driver/Src/stm32f4xx_hal_dma.c.obj
 *fill*         0x0000000008000d2a        0x2 
 .text.HAL_DMA_Init
                0x0000000008000d2c       0xcc CMakeFiles/Project123.elf.dir/Drivers/STM32F4xx_HAL_Driver/Src/stm32f4xx_hal_dma.c.obj
                0x0000000008000d2c                HAL_DMA_Init
 .text.HAL_DMA_Abort_IT
                0x0000000008000df8       0x26 CMakeFiles/Project123.elf.dir/Drivers/STM32F4xx_HAL_Driver/Src/stm32f4xx_hal_dma.c.obj
                0x0000000008000df8                HAL_DMA_Abort_IT
 *fill*         0x0000000008000e1e        0x2 
 .text.HAL_DMA_IRQHandler
                0x0000000008000e20      0x1dc CMakeFiles/Project123.elf.dir/Drivers/STM32F4xx_HAL_Driver/Src/stm32f4xx_hal_dma.c.obj
                0x0000000008000e20                HAL_DMA_IRQHandler
 .text.HAL_GPIO_Init
                0x0000000008000ffc      0x1cc CMakeFiles/Project123.elf.dir/Drivers/STM32F4xx_HAL_Driver/Src/stm32f4xx_hal_gpio.c.obj
                0x0000000008000ffc                HAL_GPIO_Init
 .text.HAL_RCC_OscConfig
                0x00000000080011c8      0x3ec CMakeFiles/Project123.elf.dir/Drivers/STM32F4xx_HAL_Driver/Src/stm32f4xx_hal_rcc.c.obj
                0x00000000080011c8                HAL_RCC_OscConfig
 .text.HAL_RCC_GetSysClockFreq
                0x00000000080015b4       0xa0 CMakeFiles/Project123.elf.dir/Drivers/STM32F4xx_HAL_Driver/Src/stm32f4xx_hal_rcc.c.obj
                0x00000000080015b4                HAL_RCC_GetSysClockFreq
 .text.HAL_RCC_ClockConfig
                0x0000000008001654      0x160 CMakeFiles/Project123.elf.dir/Drivers/STM32F4xx_HAL_Driver/Src/stm32f4xx_hal_rcc.c.obj
                0x0000000008001654                HAL_RCC_ClockConfig
 .text.HAL_RCC_GetHCLKFreq
                0x00000000080017b4        0xc CMakeFiles/Project123.elf.dir/Drivers/STM32F4xx_HAL_Driver/Src/stm32f4xx_hal_rcc.c.obj
                0x00000000080017b4                HAL_RCC_GetHCLKFreq
 .text.HAL_RCC_GetPCLK1Freq
                0x00000000080017c0       0x20 CMakeFiles/Project123.elf.dir/Drivers/STM32F4xx_HAL_Driver/Src/stm32f4xx_hal_rcc.c.obj
                0x00000000080017c0                HAL_RCC_GetPCLK1Freq
 .text.HAL_RCC_GetPCLK2Freq
                0x00000000080017e0       0x20 CMakeFiles/Project123.elf.dir/Drivers/STM32F4xx_HAL_Driver/Src/stm32f4xx_hal_rcc.c.obj
                0x00000000080017e0                HAL_RCC_GetPCLK2Freq
 .text.TIM_TI2_SetConfig
                0x0000000008001800       0x34 CMakeFiles/Project123.elf.dir/Drivers/STM32F4xx_HAL_Driver/Src/stm32f4xx_hal_tim.c.obj
 .text.TIM_TI3_SetConfig
                0x0000000008001834       0x32 CMakeFiles/Project123.elf.dir/Drivers/STM32F4xx_HAL_Driver/Src/stm32f4xx_hal_tim.c.obj
 .text.TIM_TI4_SetConfig
                0x0000000008001866       0x34 CMakeFiles/Project123.elf.dir/Drivers/STM32F4xx_HAL_Driver/Src/stm32f4xx_hal_tim.c.obj
 .text.HAL_TIM_ReadCapturedValue
                0x000000000800189a       0x32 CMakeFiles/Project123.elf.dir/Drivers/STM32F4xx_HAL_Driver/Src/stm32f4xx_hal_tim.c.obj
                0x000000000800189a                HAL_TIM_ReadCapturedValue
 .text.HAL_TIM_PeriodElapsedCallback
                0x00000000080018cc        0x2 CMakeFiles/Project123.elf.dir/Drivers/STM32F4xx_HAL_Driver/Src/stm32f4xx_hal_tim.c.obj
                0x00000000080018cc                HAL_TIM_PeriodElapsedCallback
 .text.HAL_TIM_OC_DelayElapsedCallback
                0x00000000080018ce        0x2 CMakeFiles/Project123.elf.dir/Drivers/STM32F4xx_HAL_Driver/Src/stm32f4xx_hal_tim.c.obj
                0x00000000080018ce                HAL_TIM_OC_DelayElapsedCallback
 .text.HAL_TIM_PWM_PulseFinishedCallback
                0x00000000080018d0        0x2 CMakeFiles/Project123.elf.dir/Drivers/STM32F4xx_HAL_Driver/Src/stm32f4xx_hal_tim.c.obj
                0x00000000080018d0                HAL_TIM_PWM_PulseFinishedCallback
 .text.HAL_TIM_TriggerCallback
                0x00000000080018d2        0x2 CMakeFiles/Project123.elf.dir/Drivers/STM32F4xx_HAL_Driver/Src/stm32f4xx_hal_tim.c.obj
                0x00000000080018d2                HAL_TIM_TriggerCallback
 .text.HAL_TIM_IRQHandler
                0x00000000080018d4      0x17a CMakeFiles/Project123.elf.dir/Drivers/STM32F4xx_HAL_Driver/Src/stm32f4xx_hal_tim.c.obj
                0x00000000080018d4                HAL_TIM_IRQHandler
 *fill*         0x0000000008001a4e        0x2 
 .text.TIM_Base_SetConfig
                0x0000000008001a50       0xc8 CMakeFiles/Project123.elf.dir/Drivers/STM32F4xx_HAL_Driver/Src/stm32f4xx_hal_tim.c.obj
                0x0000000008001a50                TIM_Base_SetConfig
 .text.HAL_TIM_IC_Init
                0x0000000008001b18       0x34 CMakeFiles/Project123.elf.dir/Drivers/STM32F4xx_HAL_Driver/Src/stm32f4xx_hal_tim.c.obj
                0x0000000008001b18                HAL_TIM_IC_Init
 .text.TIM_TI1_SetConfig
                0x0000000008001b4c       0x78 CMakeFiles/Project123.elf.dir/Drivers/STM32F4xx_HAL_Driver/Src/stm32f4xx_hal_tim.c.obj
                0x0000000008001b4c                TIM_TI1_SetConfig
 .text.HAL_TIM_IC_ConfigChannel
                0x0000000008001bc4       0xc0 CMakeFiles/Project123.elf.dir/Drivers/STM32F4xx_HAL_Driver/Src/stm32f4xx_hal_tim.c.obj
                0x0000000008001bc4                HAL_TIM_IC_ConfigChannel
 .text.TIM_CCxChannelCmd
                0x0000000008001c84       0x22 CMakeFiles/Project123.elf.dir/Drivers/STM32F4xx_HAL_Driver/Src/stm32f4xx_hal_tim.c.obj
                0x0000000008001c84                TIM_CCxChannelCmd
 .text.HAL_TIM_IC_Start_IT
                0x0000000008001ca6       0x68 CMakeFiles/Project123.elf.dir/Drivers/STM32F4xx_HAL_Driver/Src/stm32f4xx_hal_tim.c.obj
                0x0000000008001ca6                HAL_TIM_IC_Start_IT
 .text.HAL_TIM_IC_Stop_IT
                0x0000000008001d0e       0x72 CMakeFiles/Project123.elf.dir/Drivers/STM32F4xx_HAL_Driver/Src/stm32f4xx_hal_tim.c.obj
                0x0000000008001d0e                HAL_TIM_IC_Stop_IT
 .text.HAL_TIMEx_MasterConfigSynchronization
                0x0000000008001d80       0x88 CMakeFiles/Project123.elf.dir/Drivers/STM32F4xx_HAL_Driver/Src/stm32f4xx_hal_tim_ex.c.obj
                0x0000000008001d80                HAL_TIMEx_MasterConfigSynchronization
 .text.HAL_TIMEx_CommutCallback
                0x0000000008001e08        0x2 CMakeFiles/Project123.elf.dir/Drivers/STM32F4xx_HAL_Driver/Src/stm32f4xx_hal_tim_ex.c.obj
                0x0000000008001e08                HAL_TIMEx_CommutCallback
 .text.HAL_TIMEx_BreakCallback
                0x0000000008001e0a        0x2 CMakeFiles/Project123.elf.dir/Drivers/STM32F4xx_HAL_Driver/Src/stm32f4xx_hal_tim_ex.c.obj
                0x0000000008001e0a                HAL_TIMEx_BreakCallback
 .text.UART_EndRxTransfer
                0x0000000008001e0c       0x1c CMakeFiles/Project123.elf.dir/Drivers/STM32F4xx_HAL_Driver/Src/stm32f4xx_hal_uart.c.obj
 .text.UART_Transmit_IT
                0x0000000008001e28       0x66 CMakeFiles/Project123.elf.dir/Drivers/STM32F4xx_HAL_Driver/Src/stm32f4xx_hal_uart.c.obj
 *fill*         0x0000000008001e8e        0x2 
 .text.UART_SetConfig
                0x0000000008001e90      0x1e8 CMakeFiles/Project123.elf.dir/Drivers/STM32F4xx_HAL_Driver/Src/stm32f4xx_hal_uart.c.obj
 .text.HAL_UART_Init
                0x0000000008002078       0x5e CMakeFiles/Project123.elf.dir/Drivers/STM32F4xx_HAL_Driver/Src/stm32f4xx_hal_uart.c.obj
                0x0000000008002078                HAL_UART_Init
 .text.HAL_UART_TxCpltCallback
                0x00000000080020d6        0x2 CMakeFiles/Project123.elf.dir/Drivers/STM32F4xx_HAL_Driver/Src/stm32f4xx_hal_uart.c.obj
                0x00000000080020d6                HAL_UART_TxCpltCallback
 .text.UART_EndTransmit_IT
                0x00000000080020d8       0x1a CMakeFiles/Project123.elf.dir/Drivers/STM32F4xx_HAL_Driver/Src/stm32f4xx_hal_uart.c.obj
 .text.HAL_UART_RxCpltCallback
                0x00000000080020f2        0x2 CMakeFiles/Project123.elf.dir/Drivers/STM32F4xx_HAL_Driver/Src/stm32f4xx_hal_uart.c.obj
                0x00000000080020f2                HAL_UART_RxCpltCallback
 .text.UART_Receive_IT
                0x00000000080020f4       0x9e CMakeFiles/Project123.elf.dir/Drivers/STM32F4xx_HAL_Driver/Src/stm32f4xx_hal_uart.c.obj
 .text.HAL_UART_ErrorCallback
                0x0000000008002192        0x2 CMakeFiles/Project123.elf.dir/Drivers/STM32F4xx_HAL_Driver/Src/stm32f4xx_hal_uart.c.obj
                0x0000000008002192                HAL_UART_ErrorCallback
 .text.HAL_UART_IRQHandler
                0x0000000008002194      0x128 CMakeFiles/Project123.elf.dir/Drivers/STM32F4xx_HAL_Driver/Src/stm32f4xx_hal_uart.c.obj
                0x0000000008002194                HAL_UART_IRQHandler
 .text.UART_DMAAbortOnError
                0x00000000080022bc       0x10 CMakeFiles/Project123.elf.dir/Drivers/STM32F4xx_HAL_Driver/Src/stm32f4xx_hal_uart.c.obj
 .text.__libc_init_array
                0x00000000080022cc       0x48 /usr/local/Cellar/arm-none-eabi-gcc/9-2019-q4-major/gcc/bin/../lib/gcc/arm-none-eabi/9.2.1/../../../../arm-none-eabi/lib/thumb/v7e-m/nofp/libg.a(lib_a-init.o)
                0x00000000080022cc                __libc_init_array
 .text.memset   0x0000000008002314       0xa0 /usr/local/Cellar/arm-none-eabi-gcc/9-2019-q4-major/gcc/bin/../lib/gcc/arm-none-eabi/9.2.1/../../../../arm-none-eabi/lib/thumb/v7e-m/nofp/libg.a(lib_a-memset.o)
                0x0000000008002314                memset
 .text.startup.register_fini
                0x00000000080023b4       0x14 /usr/local/Cellar/arm-none-eabi-gcc/9-2019-q4-major/gcc/bin/../lib/gcc/arm-none-eabi/9.2.1/../../../../arm-none-eabi/lib/thumb/v7e-m/nofp/libg.a(lib_a-__call_atexit.o)
 .text.atexit   0x00000000080023c8        0xc /usr/local/Cellar/arm-none-eabi-gcc/9-2019-q4-major/gcc/bin/../lib/gcc/arm-none-eabi/9.2.1/../../../../arm-none-eabi/lib/thumb/v7e-m/nofp/libg.a(lib_a-atexit.o)
                0x00000000080023c8                atexit
 .text.__libc_fini_array
                0x00000000080023d4       0x2c /usr/local/Cellar/arm-none-eabi-gcc/9-2019-q4-major/gcc/bin/../lib/gcc/arm-none-eabi/9.2.1/../../../../arm-none-eabi/lib/thumb/v7e-m/nofp/libg.a(lib_a-fini.o)
                0x00000000080023d4                __libc_fini_array
 .text.__retarget_lock_acquire_recursive
                0x0000000008002400        0x4 /usr/local/Cellar/arm-none-eabi-gcc/9-2019-q4-major/gcc/bin/../lib/gcc/arm-none-eabi/9.2.1/../../../../arm-none-eabi/lib/thumb/v7e-m/nofp/libg.a(lib_a-lock.o)
                0x0000000008002400                __retarget_lock_acquire_recursive
 .text.__retarget_lock_release_recursive
                0x0000000008002404        0x4 /usr/local/Cellar/arm-none-eabi-gcc/9-2019-q4-major/gcc/bin/../lib/gcc/arm-none-eabi/9.2.1/../../../../arm-none-eabi/lib/thumb/v7e-m/nofp/libg.a(lib_a-lock.o)
                0x0000000008002404                __retarget_lock_release_recursive
 .text.__register_exitproc
                0x0000000008002408       0x8c /usr/local/Cellar/arm-none-eabi-gcc/9-2019-q4-major/gcc/bin/../lib/gcc/arm-none-eabi/9.2.1/../../../../arm-none-eabi/lib/thumb/v7e-m/nofp/libg.a(lib_a-__atexit.o)
                0x0000000008002408                __register_exitproc
 *(.glue_7)
 .glue_7        0x0000000008002494        0x0 linker stubs
 *(.glue_7t)
 .glue_7t       0x0000000008002494        0x0 linker stubs
 *(.eh_frame)
 .eh_frame      0x0000000008002494        0x0 /usr/local/Cellar/arm-none-eabi-gcc/9-2019-q4-major/gcc/bin/../lib/gcc/arm-none-eabi/9.2.1/thumb/v7e-m/nofp/crtbegin.o
 *(.init)
 .init          0x0000000008002494        0x4 /usr/local/Cellar/arm-none-eabi-gcc/9-2019-q4-major/gcc/bin/../lib/gcc/arm-none-eabi/9.2.1/thumb/v7e-m/nofp/crti.o
                0x0000000008002494                _init
 .init          0x0000000008002498        0x8 /usr/local/Cellar/arm-none-eabi-gcc/9-2019-q4-major/gcc/bin/../lib/gcc/arm-none-eabi/9.2.1/thumb/v7e-m/nofp/crtn.o
 *(.fini)
 .fini          0x00000000080024a0        0x4 /usr/local/Cellar/arm-none-eabi-gcc/9-2019-q4-major/gcc/bin/../lib/gcc/arm-none-eabi/9.2.1/thumb/v7e-m/nofp/crti.o
                0x00000000080024a0                _fini
 .fini          0x00000000080024a4        0x8 /usr/local/Cellar/arm-none-eabi-gcc/9-2019-q4-major/gcc/bin/../lib/gcc/arm-none-eabi/9.2.1/thumb/v7e-m/nofp/crtn.o
                0x00000000080024ac                . = ALIGN (0x4)
                0x00000000080024ac                _etext = .

.vfp11_veneer   0x00000000080024ac        0x0
 .vfp11_veneer  0x00000000080024ac        0x0 linker stubs

.v4_bx          0x00000000080024ac        0x0
 .v4_bx         0x00000000080024ac        0x0 linker stubs

.iplt           0x00000000080024ac        0x0
 .iplt          0x00000000080024ac        0x0 /usr/local/Cellar/arm-none-eabi-gcc/9-2019-q4-major/gcc/bin/../lib/gcc/arm-none-eabi/9.2.1/thumb/v7e-m/nofp/crtbegin.o

.rodata         0x00000000080024ac       0x24
                0x00000000080024ac                . = ALIGN (0x4)
 *(.rodata)
 *(.rodata*)
 .rodata.AHBPrescTable
                0x00000000080024ac       0x10 CMakeFiles/Project123.elf.dir/Core/Src/system_stm32f4xx.c.obj
                0x00000000080024ac                AHBPrescTable
 .rodata.APBPrescTable
                0x00000000080024bc        0x8 CMakeFiles/Project123.elf.dir/Core/Src/system_stm32f4xx.c.obj
                0x00000000080024bc                APBPrescTable
 .rodata.flagBitshiftOffset.6885
                0x00000000080024c4        0x8 CMakeFiles/Project123.elf.dir/Drivers/STM32F4xx_HAL_Driver/Src/stm32f4xx_hal_dma.c.obj
 .rodata._global_impure_ptr
                0x00000000080024cc        0x4 /usr/local/Cellar/arm-none-eabi-gcc/9-2019-q4-major/gcc/bin/../lib/gcc/arm-none-eabi/9.2.1/../../../../arm-none-eabi/lib/thumb/v7e-m/nofp/libg.a(lib_a-impure.o)
                0x00000000080024cc                _global_impure_ptr
                0x00000000080024d0                . = ALIGN (0x4)

.ARM.extab      0x00000000080024d0        0x0
                0x00000000080024d0                . = ALIGN (0x4)
 *(.ARM.extab* .gnu.linkonce.armextab.*)
                0x00000000080024d0                . = ALIGN (0x4)

.ARM            0x00000000080024d0        0x8
                0x00000000080024d0                . = ALIGN (0x4)
                0x00000000080024d0                __exidx_start = .
 *(.ARM.exidx*)
 .ARM.exidx     0x00000000080024d0        0x8 /usr/local/Cellar/arm-none-eabi-gcc/9-2019-q4-major/gcc/bin/../lib/gcc/arm-none-eabi/9.2.1/thumb/v7e-m/nofp/libgcc.a(_udivmoddi4.o)
                0x00000000080024d8                __exidx_end = .
                0x00000000080024d8                . = ALIGN (0x4)

.rel.dyn        0x00000000080024d8        0x0
 .rel.iplt      0x00000000080024d8        0x0 /usr/local/Cellar/arm-none-eabi-gcc/9-2019-q4-major/gcc/bin/../lib/gcc/arm-none-eabi/9.2.1/thumb/v7e-m/nofp/crtbegin.o

.preinit_array  0x00000000080024d8        0x0
                0x00000000080024d8                . = ALIGN (0x4)
                0x00000000080024d8                PROVIDE (__preinit_array_start = .)
 *(.preinit_array*)
                0x00000000080024d8                PROVIDE (__preinit_array_end = .)
                0x00000000080024d8                . = ALIGN (0x4)

.init_array     0x00000000080024d8        0x8
                0x00000000080024d8                . = ALIGN (0x4)
                0x00000000080024d8                PROVIDE (__init_array_start = .)
 *(SORT_BY_NAME(.init_array.*))
 .init_array.00000
                0x00000000080024d8        0x4 /usr/local/Cellar/arm-none-eabi-gcc/9-2019-q4-major/gcc/bin/../lib/gcc/arm-none-eabi/9.2.1/../../../../arm-none-eabi/lib/thumb/v7e-m/nofp/libg.a(lib_a-__call_atexit.o)
 *(.init_array*)
 .init_array    0x00000000080024dc        0x4 /usr/local/Cellar/arm-none-eabi-gcc/9-2019-q4-major/gcc/bin/../lib/gcc/arm-none-eabi/9.2.1/thumb/v7e-m/nofp/crtbegin.o
                0x00000000080024e0                PROVIDE (__init_array_end = .)
                0x00000000080024e0                . = ALIGN (0x4)

.fini_array     0x00000000080024e0        0x4
                0x00000000080024e0                . = ALIGN (0x4)
                0x00000000080024e0                PROVIDE (__fini_array_start = .)
 *(SORT_BY_NAME(.fini_array.*))
 *(.fini_array*)
 .fini_array    0x00000000080024e0        0x4 /usr/local/Cellar/arm-none-eabi-gcc/9-2019-q4-major/gcc/bin/../lib/gcc/arm-none-eabi/9.2.1/thumb/v7e-m/nofp/crtbegin.o
                0x00000000080024e4                PROVIDE (__fini_array_end = .)
                0x00000000080024e4                . = ALIGN (0x4)
                0x00000000080024e4                _sidata = LOADADDR (.data)

.data           0x0000000020000000      0x43c load address 0x00000000080024e4
                0x0000000020000000                . = ALIGN (0x4)
                0x0000000020000000                _sdata = .
 *(.data)
 *(.data*)
 .data.SystemCoreClock
                0x0000000020000000        0x4 CMakeFiles/Project123.elf.dir/Core/Src/system_stm32f4xx.c.obj
                0x0000000020000000                SystemCoreClock
 .data.uwTickFreq
                0x0000000020000004        0x1 CMakeFiles/Project123.elf.dir/Drivers/STM32F4xx_HAL_Driver/Src/stm32f4xx_hal.c.obj
                0x0000000020000004                uwTickFreq
 *fill*         0x0000000020000005        0x3 
 .data.uwTickPrio
                0x0000000020000008        0x4 CMakeFiles/Project123.elf.dir/Drivers/STM32F4xx_HAL_Driver/Src/stm32f4xx_hal.c.obj
                0x0000000020000008                uwTickPrio
 *fill*         0x000000002000000c        0x4 
 .data.impure_data
                0x0000000020000010      0x428 /usr/local/Cellar/arm-none-eabi-gcc/9-2019-q4-major/gcc/bin/../lib/gcc/arm-none-eabi/9.2.1/../../../../arm-none-eabi/lib/thumb/v7e-m/nofp/libg.a(lib_a-impure.o)
 .data.__atexit_recursive_mutex
                0x0000000020000438        0x4 /usr/local/Cellar/arm-none-eabi-gcc/9-2019-q4-major/gcc/bin/../lib/gcc/arm-none-eabi/9.2.1/../../../../arm-none-eabi/lib/thumb/v7e-m/nofp/libg.a(lib_a-__call_atexit.o)
                0x0000000020000438                __atexit_recursive_mutex
                0x000000002000043c                . = ALIGN (0x4)
                0x000000002000043c                _edata = .

.igot.plt       0x000000002000043c        0x0 load address 0x0000000008002920
 .igot.plt      0x000000002000043c        0x0 /usr/local/Cellar/arm-none-eabi-gcc/9-2019-q4-major/gcc/bin/../lib/gcc/arm-none-eabi/9.2.1/thumb/v7e-m/nofp/crtbegin.o
                0x000000002000043c                . = ALIGN (0x4)

.bss            0x000000002000043c      0x2a8 load address 0x0000000008002920
                0x000000002000043c                _sbss = .
                0x000000002000043c                __bss_start__ = _sbss
 *(.bss)
 .bss           0x000000002000043c       0x1c /usr/local/Cellar/arm-none-eabi-gcc/9-2019-q4-major/gcc/bin/../lib/gcc/arm-none-eabi/9.2.1/thumb/v7e-m/nofp/crtbegin.o
 *(.bss*)
 .bss.capture_Buf2
                0x0000000020000458       0x78 CMakeFiles/Project123.elf.dir/Core/Src/main.c.obj
                0x0000000020000458                capture_Buf2
 .bss.capture_Cnt
                0x00000000200004d0        0x1 CMakeFiles/Project123.elf.dir/Core/Src/main.c.obj
                0x00000000200004d0                capture_Cnt
 *fill*         0x00000000200004d1        0x3 
 .bss.frequency
                0x00000000200004d4       0x28 CMakeFiles/Project123.elf.dir/Core/Src/main.c.obj
                0x00000000200004d4                frequency
 .bss.frequent_avg
                0x00000000200004fc        0x4 CMakeFiles/Project123.elf.dir/Core/Src/main.c.obj
                0x00000000200004fc                frequent_avg
 .bss.high_time1
                0x0000000020000500       0x28 CMakeFiles/Project123.elf.dir/Core/Src/main.c.obj
                0x0000000020000500                high_time1
 .bss.i         0x0000000020000528        0x4 CMakeFiles/Project123.elf.dir/Core/Src/main.c.obj
                0x0000000020000528                i
 .bss.low_time1
                0x000000002000052c       0x28 CMakeFiles/Project123.elf.dir/Core/Src/main.c.obj
                0x000000002000052c                low_time1
 .bss.period_time1
                0x0000000020000554       0x28 CMakeFiles/Project123.elf.dir/Core/Src/main.c.obj
                0x0000000020000554                period_time1
 .bss.htim5     0x000000002000057c       0x40 CMakeFiles/Project123.elf.dir/Core/Src/tim.c.obj
                0x000000002000057c                htim5
 .bss.hdma_usart1_rx
                0x00000000200005bc       0x60 CMakeFiles/Project123.elf.dir/Core/Src/usart.c.obj
                0x00000000200005bc                hdma_usart1_rx
 .bss.hdma_usart1_tx
                0x000000002000061c       0x60 CMakeFiles/Project123.elf.dir/Core/Src/usart.c.obj
                0x000000002000061c                hdma_usart1_tx
 .bss.huart1    0x000000002000067c       0x40 CMakeFiles/Project123.elf.dir/Core/Src/usart.c.obj
                0x000000002000067c                huart1
 .bss.uwTick    0x00000000200006bc        0x4 CMakeFiles/Project123.elf.dir/Drivers/STM32F4xx_HAL_Driver/Src/stm32f4xx_hal.c.obj
                0x00000000200006bc                uwTick
 *(COMMON)
 COMMON         0x00000000200006c0       0x21 /usr/local/Cellar/arm-none-eabi-gcc/9-2019-q4-major/gcc/bin/../lib/gcc/arm-none-eabi/9.2.1/../../../../arm-none-eabi/lib/thumb/v7e-m/nofp/libg.a(lib_a-lock.o)
                0x00000000200006c0                __lock___atexit_recursive_mutex
                0x00000000200006c4                __lock___arc4random_mutex
                0x00000000200006c8                __lock___env_recursive_mutex
                0x00000000200006cc                __lock___sinit_recursive_mutex
                0x00000000200006d0                __lock___malloc_recursive_mutex
                0x00000000200006d4                __lock___at_quick_exit_mutex
                0x00000000200006d8                __lock___dd_hash_mutex
                0x00000000200006dc                __lock___tz_mutex
                0x00000000200006e0                __lock___sfp_recursive_mutex
                0x00000000200006e4                . = ALIGN (0x4)
 *fill*         0x00000000200006e1        0x3 
                0x00000000200006e4                _ebss = .
                0x00000000200006e4                __bss_end__ = _ebss

._user_heap_stack
                0x00000000200006e4      0x604 load address 0x0000000008002920
                0x00000000200006e8                . = ALIGN (0x8)
 *fill*         0x00000000200006e4        0x4 
                [!provide]                        PROVIDE (end = .)
                0x00000000200006e8                PROVIDE (_end = .)
                0x00000000200008e8                . = (. + _Min_Heap_Size)
 *fill*         0x00000000200006e8      0x200 
                0x0000000020000ce8                . = (. + _Min_Stack_Size)
 *fill*         0x00000000200008e8      0x400 
                0x0000000020000ce8                . = ALIGN (0x8)

/DISCARD/
 libc.a(*)
 libm.a(*)
 libgcc.a(*)

.ARM.attributes
                0x0000000000000000       0x2a
 *(.ARM.attributes)
 .ARM.attributes
                0x0000000000000000       0x1e /usr/local/Cellar/arm-none-eabi-gcc/9-2019-q4-major/gcc/bin/../lib/gcc/arm-none-eabi/9.2.1/thumb/v7e-m/nofp/crti.o
 .ARM.attributes
                0x000000000000001e       0x2e /usr/local/Cellar/arm-none-eabi-gcc/9-2019-q4-major/gcc/bin/../lib/gcc/arm-none-eabi/9.2.1/thumb/v7e-m/nofp/crtbegin.o
 .ARM.attributes
                0x000000000000004c       0x2e CMakeFiles/Project123.elf.dir/Core/Src/dma.c.obj
 .ARM.attributes
                0x000000000000007a       0x2e CMakeFiles/Project123.elf.dir/Core/Src/gpio.c.obj
 .ARM.attributes
                0x00000000000000a8       0x2e CMakeFiles/Project123.elf.dir/Core/Src/main.c.obj
 .ARM.attributes
                0x00000000000000d6       0x2e CMakeFiles/Project123.elf.dir/Core/Src/stm32f4xx_hal_msp.c.obj
 .ARM.attributes
                0x0000000000000104       0x2e CMakeFiles/Project123.elf.dir/Core/Src/stm32f4xx_it.c.obj
 .ARM.attributes
                0x0000000000000132       0x2e CMakeFiles/Project123.elf.dir/Core/Src/system_stm32f4xx.c.obj
 .ARM.attributes
                0x0000000000000160       0x2e CMakeFiles/Project123.elf.dir/Core/Src/tim.c.obj
 .ARM.attributes
                0x000000000000018e       0x2e CMakeFiles/Project123.elf.dir/Core/Src/usart.c.obj
 .ARM.attributes
                0x00000000000001bc       0x21 CMakeFiles/Project123.elf.dir/Core/Startup/startup_stm32f407zgtx.s.obj
 .ARM.attributes
                0x00000000000001dd       0x2e CMakeFiles/Project123.elf.dir/Drivers/STM32F4xx_HAL_Driver/Src/stm32f4xx_hal.c.obj
 .ARM.attributes
                0x000000000000020b       0x2e CMakeFiles/Project123.elf.dir/Drivers/STM32F4xx_HAL_Driver/Src/stm32f4xx_hal_cortex.c.obj
 .ARM.attributes
                0x0000000000000239       0x2e CMakeFiles/Project123.elf.dir/Drivers/STM32F4xx_HAL_Driver/Src/stm32f4xx_hal_dma.c.obj
 .ARM.attributes
                0x0000000000000267       0x2e CMakeFiles/Project123.elf.dir/Drivers/STM32F4xx_HAL_Driver/Src/stm32f4xx_hal_gpio.c.obj
 .ARM.attributes
                0x0000000000000295       0x2e CMakeFiles/Project123.elf.dir/Drivers/STM32F4xx_HAL_Driver/Src/stm32f4xx_hal_rcc.c.obj
 .ARM.attributes
                0x00000000000002c3       0x2e CMakeFiles/Project123.elf.dir/Drivers/STM32F4xx_HAL_Driver/Src/stm32f4xx_hal_tim.c.obj
 .ARM.attributes
                0x00000000000002f1       0x2e CMakeFiles/Project123.elf.dir/Drivers/STM32F4xx_HAL_Driver/Src/stm32f4xx_hal_tim_ex.c.obj
 .ARM.attributes
                0x000000000000031f       0x2e CMakeFiles/Project123.elf.dir/Drivers/STM32F4xx_HAL_Driver/Src/stm32f4xx_hal_uart.c.obj
 .ARM.attributes
                0x000000000000034d       0x1e /usr/local/Cellar/arm-none-eabi-gcc/9-2019-q4-major/gcc/bin/../lib/gcc/arm-none-eabi/9.2.1/thumb/v7e-m/nofp/libgcc.a(_aeabi_uldivmod.o)
 .ARM.attributes
                0x000000000000036b       0x2e /usr/local/Cellar/arm-none-eabi-gcc/9-2019-q4-major/gcc/bin/../lib/gcc/arm-none-eabi/9.2.1/thumb/v7e-m/nofp/libgcc.a(_udivmoddi4.o)
 .ARM.attributes
                0x0000000000000399       0x1e /usr/local/Cellar/arm-none-eabi-gcc/9-2019-q4-major/gcc/bin/../lib/gcc/arm-none-eabi/9.2.1/thumb/v7e-m/nofp/libgcc.a(_dvmd_tls.o)
 .ARM.attributes
                0x00000000000003b7       0x2e /usr/local/Cellar/arm-none-eabi-gcc/9-2019-q4-major/gcc/bin/../lib/gcc/arm-none-eabi/9.2.1/../../../../arm-none-eabi/lib/thumb/v7e-m/nofp/libg.a(lib_a-impure.o)
 .ARM.attributes
                0x00000000000003e5       0x2e /usr/local/Cellar/arm-none-eabi-gcc/9-2019-q4-major/gcc/bin/../lib/gcc/arm-none-eabi/9.2.1/../../../../arm-none-eabi/lib/thumb/v7e-m/nofp/libg.a(lib_a-init.o)
 .ARM.attributes
                0x0000000000000413       0x2e /usr/local/Cellar/arm-none-eabi-gcc/9-2019-q4-major/gcc/bin/../lib/gcc/arm-none-eabi/9.2.1/../../../../arm-none-eabi/lib/thumb/v7e-m/nofp/libg.a(lib_a-memset.o)
 .ARM.attributes
                0x0000000000000441       0x2e /usr/local/Cellar/arm-none-eabi-gcc/9-2019-q4-major/gcc/bin/../lib/gcc/arm-none-eabi/9.2.1/../../../../arm-none-eabi/lib/thumb/v7e-m/nofp/libg.a(lib_a-__call_atexit.o)
 .ARM.attributes
                0x000000000000046f       0x2e /usr/local/Cellar/arm-none-eabi-gcc/9-2019-q4-major/gcc/bin/../lib/gcc/arm-none-eabi/9.2.1/../../../../arm-none-eabi/lib/thumb/v7e-m/nofp/libg.a(lib_a-atexit.o)
 .ARM.attributes
                0x000000000000049d       0x2e /usr/local/Cellar/arm-none-eabi-gcc/9-2019-q4-major/gcc/bin/../lib/gcc/arm-none-eabi/9.2.1/../../../../arm-none-eabi/lib/thumb/v7e-m/nofp/libg.a(lib_a-fini.o)
 .ARM.attributes
                0x00000000000004cb       0x2e /usr/local/Cellar/arm-none-eabi-gcc/9-2019-q4-major/gcc/bin/../lib/gcc/arm-none-eabi/9.2.1/../../../../arm-none-eabi/lib/thumb/v7e-m/nofp/libg.a(lib_a-lock.o)
 .ARM.attributes
                0x00000000000004f9       0x2e /usr/local/Cellar/arm-none-eabi-gcc/9-2019-q4-major/gcc/bin/../lib/gcc/arm-none-eabi/9.2.1/../../../../arm-none-eabi/lib/thumb/v7e-m/nofp/libg.a(lib_a-__atexit.o)
 .ARM.attributes
                0x0000000000000527       0x1e /usr/local/Cellar/arm-none-eabi-gcc/9-2019-q4-major/gcc/bin/../lib/gcc/arm-none-eabi/9.2.1/thumb/v7e-m/nofp/crtn.o
OUTPUT(Project123.elf elf32-littlearm)

.debug_info     0x0000000000000000     0xf5c4
 .debug_info    0x0000000000000000      0x61e CMakeFiles/Project123.elf.dir/Core/Src/dma.c.obj
 .debug_info    0x000000000000061e      0x390 CMakeFiles/Project123.elf.dir/Core/Src/gpio.c.obj
 .debug_info    0x00000000000009ae     0x18db CMakeFiles/Project123.elf.dir/Core/Src/main.c.obj
 .debug_info    0x0000000000002289      0x390 CMakeFiles/Project123.elf.dir/Core/Src/stm32f4xx_hal_msp.c.obj
 .debug_info    0x0000000000002619      0xa5b CMakeFiles/Project123.elf.dir/Core/Src/stm32f4xx_it.c.obj
 .debug_info    0x0000000000003074      0x5b9 CMakeFiles/Project123.elf.dir/Core/Src/system_stm32f4xx.c.obj
 .debug_info    0x000000000000362d      0xe91 CMakeFiles/Project123.elf.dir/Core/Src/tim.c.obj
 .debug_info    0x00000000000044be      0xe01 CMakeFiles/Project123.elf.dir/Core/Src/usart.c.obj
 .debug_info    0x00000000000052bf       0x22 CMakeFiles/Project123.elf.dir/Core/Startup/startup_stm32f407zgtx.s.obj
 .debug_info    0x00000000000052e1      0xa79 CMakeFiles/Project123.elf.dir/Drivers/STM32F4xx_HAL_Driver/Src/stm32f4xx_hal.c.obj
 .debug_info    0x0000000000005d5a     0x1154 CMakeFiles/Project123.elf.dir/Drivers/STM32F4xx_HAL_Driver/Src/stm32f4xx_hal_cortex.c.obj
 .debug_info    0x0000000000006eae      0xbed CMakeFiles/Project123.elf.dir/Drivers/STM32F4xx_HAL_Driver/Src/stm32f4xx_hal_dma.c.obj
 .debug_info    0x0000000000007a9b      0x86f CMakeFiles/Project123.elf.dir/Drivers/STM32F4xx_HAL_Driver/Src/stm32f4xx_hal_gpio.c.obj
 .debug_info    0x000000000000830a      0xb5d CMakeFiles/Project123.elf.dir/Drivers/STM32F4xx_HAL_Driver/Src/stm32f4xx_hal_rcc.c.obj
 .debug_info    0x0000000000008e67     0x36b9 CMakeFiles/Project123.elf.dir/Drivers/STM32F4xx_HAL_Driver/Src/stm32f4xx_hal_tim.c.obj
 .debug_info    0x000000000000c520     0x16f7 CMakeFiles/Project123.elf.dir/Drivers/STM32F4xx_HAL_Driver/Src/stm32f4xx_hal_tim_ex.c.obj
 .debug_info    0x000000000000dc17     0x19ad CMakeFiles/Project123.elf.dir/Drivers/STM32F4xx_HAL_Driver/Src/stm32f4xx_hal_uart.c.obj

.debug_abbrev   0x0000000000000000     0x22cf
 .debug_abbrev  0x0000000000000000      0x153 CMakeFiles/Project123.elf.dir/Core/Src/dma.c.obj
 .debug_abbrev  0x0000000000000153      0x11a CMakeFiles/Project123.elf.dir/Core/Src/gpio.c.obj
 .debug_abbrev  0x000000000000026d      0x336 CMakeFiles/Project123.elf.dir/Core/Src/main.c.obj
 .debug_abbrev  0x00000000000005a3      0x11a CMakeFiles/Project123.elf.dir/Core/Src/stm32f4xx_hal_msp.c.obj
 .debug_abbrev  0x00000000000006bd      0x1a6 CMakeFiles/Project123.elf.dir/Core/Src/stm32f4xx_it.c.obj
 .debug_abbrev  0x0000000000000863      0x148 CMakeFiles/Project123.elf.dir/Core/Src/system_stm32f4xx.c.obj
 .debug_abbrev  0x00000000000009ab      0x209 CMakeFiles/Project123.elf.dir/Core/Src/tim.c.obj
 .debug_abbrev  0x0000000000000bb4      0x23b CMakeFiles/Project123.elf.dir/Core/Src/usart.c.obj
 .debug_abbrev  0x0000000000000def       0x12 CMakeFiles/Project123.elf.dir/Core/Startup/startup_stm32f407zgtx.s.obj
 .debug_abbrev  0x0000000000000e01      0x219 CMakeFiles/Project123.elf.dir/Drivers/STM32F4xx_HAL_Driver/Src/stm32f4xx_hal.c.obj
 .debug_abbrev  0x000000000000101a      0x390 CMakeFiles/Project123.elf.dir/Drivers/STM32F4xx_HAL_Driver/Src/stm32f4xx_hal_cortex.c.obj
 .debug_abbrev  0x00000000000013aa      0x2d5 CMakeFiles/Project123.elf.dir/Drivers/STM32F4xx_HAL_Driver/Src/stm32f4xx_hal_dma.c.obj
 .debug_abbrev  0x000000000000167f      0x21c CMakeFiles/Project123.elf.dir/Drivers/STM32F4xx_HAL_Driver/Src/stm32f4xx_hal_gpio.c.obj
 .debug_abbrev  0x000000000000189b      0x2ae CMakeFiles/Project123.elf.dir/Drivers/STM32F4xx_HAL_Driver/Src/stm32f4xx_hal_rcc.c.obj
 .debug_abbrev  0x0000000000001b49      0x258 CMakeFiles/Project123.elf.dir/Drivers/STM32F4xx_HAL_Driver/Src/stm32f4xx_hal_tim.c.obj
 .debug_abbrev  0x0000000000001da1      0x26e CMakeFiles/Project123.elf.dir/Drivers/STM32F4xx_HAL_Driver/Src/stm32f4xx_hal_tim_ex.c.obj
 .debug_abbrev  0x000000000000200f      0x2c0 CMakeFiles/Project123.elf.dir/Drivers/STM32F4xx_HAL_Driver/Src/stm32f4xx_hal_uart.c.obj

.debug_aranges  0x0000000000000000      0xba0
 .debug_aranges
                0x0000000000000000       0x20 CMakeFiles/Project123.elf.dir/Core/Src/dma.c.obj
 .debug_aranges
                0x0000000000000020       0x20 CMakeFiles/Project123.elf.dir/Core/Src/gpio.c.obj
 .debug_aranges
                0x0000000000000040       0x38 CMakeFiles/Project123.elf.dir/Core/Src/main.c.obj
 .debug_aranges
                0x0000000000000078       0x20 CMakeFiles/Project123.elf.dir/Core/Src/stm32f4xx_hal_msp.c.obj
 .debug_aranges
                0x0000000000000098       0x80 CMakeFiles/Project123.elf.dir/Core/Src/stm32f4xx_it.c.obj
 .debug_aranges
                0x0000000000000118       0x28 CMakeFiles/Project123.elf.dir/Core/Src/system_stm32f4xx.c.obj
 .debug_aranges
                0x0000000000000140       0x30 CMakeFiles/Project123.elf.dir/Core/Src/tim.c.obj
 .debug_aranges
                0x0000000000000170       0x38 CMakeFiles/Project123.elf.dir/Core/Src/usart.c.obj
 .debug_aranges
                0x00000000000001a8       0x28 CMakeFiles/Project123.elf.dir/Core/Startup/startup_stm32f407zgtx.s.obj
 .debug_aranges
                0x00000000000001d0       0xf0 CMakeFiles/Project123.elf.dir/Drivers/STM32F4xx_HAL_Driver/Src/stm32f4xx_hal.c.obj
 .debug_aranges
                0x00000000000002c0       0xa8 CMakeFiles/Project123.elf.dir/Drivers/STM32F4xx_HAL_Driver/Src/stm32f4xx_hal_cortex.c.obj
 .debug_aranges
                0x0000000000000368       0x90 CMakeFiles/Project123.elf.dir/Drivers/STM32F4xx_HAL_Driver/Src/stm32f4xx_hal_dma.c.obj
 .debug_aranges
                0x00000000000003f8       0x58 CMakeFiles/Project123.elf.dir/Drivers/STM32F4xx_HAL_Driver/Src/stm32f4xx_hal_gpio.c.obj
 .debug_aranges
                0x0000000000000450       0x88 CMakeFiles/Project123.elf.dir/Drivers/STM32F4xx_HAL_Driver/Src/stm32f4xx_hal_rcc.c.obj
 .debug_aranges
                0x00000000000004d8      0x3a8 CMakeFiles/Project123.elf.dir/Drivers/STM32F4xx_HAL_Driver/Src/stm32f4xx_hal_tim.c.obj
 .debug_aranges
                0x0000000000000880      0x150 CMakeFiles/Project123.elf.dir/Drivers/STM32F4xx_HAL_Driver/Src/stm32f4xx_hal_tim_ex.c.obj
 .debug_aranges
                0x00000000000009d0      0x1d0 CMakeFiles/Project123.elf.dir/Drivers/STM32F4xx_HAL_Driver/Src/stm32f4xx_hal_uart.c.obj

.debug_ranges   0x0000000000000000      0xb28
 .debug_ranges  0x0000000000000000       0x10 CMakeFiles/Project123.elf.dir/Core/Src/dma.c.obj
 .debug_ranges  0x0000000000000010       0x10 CMakeFiles/Project123.elf.dir/Core/Src/gpio.c.obj
 .debug_ranges  0x0000000000000020       0x40 CMakeFiles/Project123.elf.dir/Core/Src/main.c.obj
 .debug_ranges  0x0000000000000060       0x10 CMakeFiles/Project123.elf.dir/Core/Src/stm32f4xx_hal_msp.c.obj
 .debug_ranges  0x0000000000000070       0x70 CMakeFiles/Project123.elf.dir/Core/Src/stm32f4xx_it.c.obj
 .debug_ranges  0x00000000000000e0       0x18 CMakeFiles/Project123.elf.dir/Core/Src/system_stm32f4xx.c.obj
 .debug_ranges  0x00000000000000f8       0x20 CMakeFiles/Project123.elf.dir/Core/Src/tim.c.obj
 .debug_ranges  0x0000000000000118       0x28 CMakeFiles/Project123.elf.dir/Core/Src/usart.c.obj
 .debug_ranges  0x0000000000000140       0x20 CMakeFiles/Project123.elf.dir/Core/Startup/startup_stm32f407zgtx.s.obj
 .debug_ranges  0x0000000000000160       0xe0 CMakeFiles/Project123.elf.dir/Drivers/STM32F4xx_HAL_Driver/Src/stm32f4xx_hal.c.obj
 .debug_ranges  0x0000000000000240       0xf8 CMakeFiles/Project123.elf.dir/Drivers/STM32F4xx_HAL_Driver/Src/stm32f4xx_hal_cortex.c.obj
 .debug_ranges  0x0000000000000338       0x80 CMakeFiles/Project123.elf.dir/Drivers/STM32F4xx_HAL_Driver/Src/stm32f4xx_hal_dma.c.obj
 .debug_ranges  0x00000000000003b8       0x48 CMakeFiles/Project123.elf.dir/Drivers/STM32F4xx_HAL_Driver/Src/stm32f4xx_hal_gpio.c.obj
 .debug_ranges  0x0000000000000400       0x90 CMakeFiles/Project123.elf.dir/Drivers/STM32F4xx_HAL_Driver/Src/stm32f4xx_hal_rcc.c.obj
 .debug_ranges  0x0000000000000490      0x398 CMakeFiles/Project123.elf.dir/Drivers/STM32F4xx_HAL_Driver/Src/stm32f4xx_hal_tim.c.obj
 .debug_ranges  0x0000000000000828      0x140 CMakeFiles/Project123.elf.dir/Drivers/STM32F4xx_HAL_Driver/Src/stm32f4xx_hal_tim_ex.c.obj
 .debug_ranges  0x0000000000000968      0x1c0 CMakeFiles/Project123.elf.dir/Drivers/STM32F4xx_HAL_Driver/Src/stm32f4xx_hal_uart.c.obj

.debug_line     0x0000000000000000     0xb902
 .debug_line    0x0000000000000000      0x29c CMakeFiles/Project123.elf.dir/Core/Src/dma.c.obj
 .debug_line    0x000000000000029c      0x285 CMakeFiles/Project123.elf.dir/Core/Src/gpio.c.obj
 .debug_line    0x0000000000000521      0x674 CMakeFiles/Project123.elf.dir/Core/Src/main.c.obj
 .debug_line    0x0000000000000b95      0x293 CMakeFiles/Project123.elf.dir/Core/Src/stm32f4xx_hal_msp.c.obj
 .debug_line    0x0000000000000e28      0x436 CMakeFiles/Project123.elf.dir/Core/Src/stm32f4xx_it.c.obj
 .debug_line    0x000000000000125e      0x350 CMakeFiles/Project123.elf.dir/Core/Src/system_stm32f4xx.c.obj
 .debug_line    0x00000000000015ae      0x48f CMakeFiles/Project123.elf.dir/Core/Src/tim.c.obj
 .debug_line    0x0000000000001a3d      0x515 CMakeFiles/Project123.elf.dir/Core/Src/usart.c.obj
 .debug_line    0x0000000000001f52       0xb2 CMakeFiles/Project123.elf.dir/Core/Startup/startup_stm32f407zgtx.s.obj
 .debug_line    0x0000000000002004      0x62f CMakeFiles/Project123.elf.dir/Drivers/STM32F4xx_HAL_Driver/Src/stm32f4xx_hal.c.obj
 .debug_line    0x0000000000002633      0x86c CMakeFiles/Project123.elf.dir/Drivers/STM32F4xx_HAL_Driver/Src/stm32f4xx_hal_cortex.c.obj
 .debug_line    0x0000000000002e9f      0xef1 CMakeFiles/Project123.elf.dir/Drivers/STM32F4xx_HAL_Driver/Src/stm32f4xx_hal_dma.c.obj
 .debug_line    0x0000000000003d90      0x7f3 CMakeFiles/Project123.elf.dir/Drivers/STM32F4xx_HAL_Driver/Src/stm32f4xx_hal_gpio.c.obj
 .debug_line    0x0000000000004583      0xbfe CMakeFiles/Project123.elf.dir/Drivers/STM32F4xx_HAL_Driver/Src/stm32f4xx_hal_rcc.c.obj
 .debug_line    0x0000000000005181     0x3791 CMakeFiles/Project123.elf.dir/Drivers/STM32F4xx_HAL_Driver/Src/stm32f4xx_hal_tim.c.obj
 .debug_line    0x0000000000008912     0x12bd CMakeFiles/Project123.elf.dir/Drivers/STM32F4xx_HAL_Driver/Src/stm32f4xx_hal_tim_ex.c.obj
 .debug_line    0x0000000000009bcf     0x1d33 CMakeFiles/Project123.elf.dir/Drivers/STM32F4xx_HAL_Driver/Src/stm32f4xx_hal_uart.c.obj

.debug_str      0x0000000000000000     0x403f
 .debug_str     0x0000000000000000      0x8bd CMakeFiles/Project123.elf.dir/Core/Src/dma.c.obj
                                        0x90f (size before relaxing)
 .debug_str     0x00000000000008bd       0x4d CMakeFiles/Project123.elf.dir/Core/Src/gpio.c.obj
                                        0x3fb (size before relaxing)
 .debug_str     0x000000000000090a      0xc45 CMakeFiles/Project123.elf.dir/Core/Src/main.c.obj
                                       0x1090 (size before relaxing)
 .debug_str     0x000000000000154f       0x59 CMakeFiles/Project123.elf.dir/Core/Src/stm32f4xx_hal_msp.c.obj
                                        0x407 (size before relaxing)
 .debug_str     0x00000000000015a8      0x18e CMakeFiles/Project123.elf.dir/Core/Src/stm32f4xx_it.c.obj
                                        0xa29 (size before relaxing)
 .debug_str     0x0000000000001736       0xdc CMakeFiles/Project123.elf.dir/Core/Src/system_stm32f4xx.c.obj
                                        0x483 (size before relaxing)
 .debug_str     0x0000000000001812      0x1d0 CMakeFiles/Project123.elf.dir/Core/Src/tim.c.obj
                                        0xf2e (size before relaxing)
 .debug_str     0x00000000000019e2       0xb9 CMakeFiles/Project123.elf.dir/Core/Src/usart.c.obj
                                        0xe94 (size before relaxing)
 .debug_str     0x0000000000001a9b       0x63 CMakeFiles/Project123.elf.dir/Core/Startup/startup_stm32f407zgtx.s.obj
                                         0xa5 (size before relaxing)
 .debug_str     0x0000000000001afe      0x303 CMakeFiles/Project123.elf.dir/Drivers/STM32F4xx_HAL_Driver/Src/stm32f4xx_hal.c.obj
                                        0xc15 (size before relaxing)
 .debug_str     0x0000000000001e01      0x45a CMakeFiles/Project123.elf.dir/Drivers/STM32F4xx_HAL_Driver/Src/stm32f4xx_hal_cortex.c.obj
                                        0xd54 (size before relaxing)
 .debug_str     0x000000000000225b      0x30c CMakeFiles/Project123.elf.dir/Drivers/STM32F4xx_HAL_Driver/Src/stm32f4xx_hal_dma.c.obj
                                        0x8a0 (size before relaxing)
 .debug_str     0x0000000000002567      0x183 CMakeFiles/Project123.elf.dir/Drivers/STM32F4xx_HAL_Driver/Src/stm32f4xx_hal_gpio.c.obj
                                        0x61a (size before relaxing)
 .debug_str     0x00000000000026ea      0x1c0 CMakeFiles/Project123.elf.dir/Drivers/STM32F4xx_HAL_Driver/Src/stm32f4xx_hal_rcc.c.obj
                                        0x7f8 (size before relaxing)
 .debug_str     0x00000000000028aa      0xd7b CMakeFiles/Project123.elf.dir/Drivers/STM32F4xx_HAL_Driver/Src/stm32f4xx_hal_tim.c.obj
                                       0x15f7 (size before relaxing)
 .debug_str     0x0000000000003625      0x505 CMakeFiles/Project123.elf.dir/Drivers/STM32F4xx_HAL_Driver/Src/stm32f4xx_hal_tim_ex.c.obj
                                        0xe0f (size before relaxing)
 .debug_str     0x0000000000003b2a      0x515 CMakeFiles/Project123.elf.dir/Drivers/STM32F4xx_HAL_Driver/Src/stm32f4xx_hal_uart.c.obj
                                        0xd5b (size before relaxing)

.comment        0x0000000000000000       0x79
 .comment       0x0000000000000000       0x79 CMakeFiles/Project123.elf.dir/Core/Src/dma.c.obj
                                         0x7a (size before relaxing)
 .comment       0x0000000000000079       0x7a CMakeFiles/Project123.elf.dir/Core/Src/gpio.c.obj
 .comment       0x0000000000000079       0x7a CMakeFiles/Project123.elf.dir/Core/Src/main.c.obj
 .comment       0x0000000000000079       0x7a CMakeFiles/Project123.elf.dir/Core/Src/stm32f4xx_hal_msp.c.obj
 .comment       0x0000000000000079       0x7a CMakeFiles/Project123.elf.dir/Core/Src/stm32f4xx_it.c.obj
 .comment       0x0000000000000079       0x7a CMakeFiles/Project123.elf.dir/Core/Src/system_stm32f4xx.c.obj
 .comment       0x0000000000000079       0x7a CMakeFiles/Project123.elf.dir/Core/Src/tim.c.obj
 .comment       0x0000000000000079       0x7a CMakeFiles/Project123.elf.dir/Core/Src/usart.c.obj
 .comment       0x0000000000000079       0x7a CMakeFiles/Project123.elf.dir/Drivers/STM32F4xx_HAL_Driver/Src/stm32f4xx_hal.c.obj
 .comment       0x0000000000000079       0x7a CMakeFiles/Project123.elf.dir/Drivers/STM32F4xx_HAL_Driver/Src/stm32f4xx_hal_cortex.c.obj
 .comment       0x0000000000000079       0x7a CMakeFiles/Project123.elf.dir/Drivers/STM32F4xx_HAL_Driver/Src/stm32f4xx_hal_dma.c.obj
 .comment       0x0000000000000079       0x7a CMakeFiles/Project123.elf.dir/Drivers/STM32F4xx_HAL_Driver/Src/stm32f4xx_hal_gpio.c.obj
 .comment       0x0000000000000079       0x7a CMakeFiles/Project123.elf.dir/Drivers/STM32F4xx_HAL_Driver/Src/stm32f4xx_hal_rcc.c.obj
 .comment       0x0000000000000079       0x7a CMakeFiles/Project123.elf.dir/Drivers/STM32F4xx_HAL_Driver/Src/stm32f4xx_hal_tim.c.obj
 .comment       0x0000000000000079       0x7a CMakeFiles/Project123.elf.dir/Drivers/STM32F4xx_HAL_Driver/Src/stm32f4xx_hal_tim_ex.c.obj
 .comment       0x0000000000000079       0x7a CMakeFiles/Project123.elf.dir/Drivers/STM32F4xx_HAL_Driver/Src/stm32f4xx_hal_uart.c.obj

.debug_frame    0x0000000000000000     0x1fa4
 .debug_frame   0x0000000000000000       0x30 CMakeFiles/Project123.elf.dir/Core/Src/dma.c.obj
 .debug_frame   0x0000000000000030       0x28 CMakeFiles/Project123.elf.dir/Core/Src/gpio.c.obj
 .debug_frame   0x0000000000000058       0x74 CMakeFiles/Project123.elf.dir/Core/Src/main.c.obj
 .debug_frame   0x00000000000000cc       0x28 CMakeFiles/Project123.elf.dir/Core/Src/stm32f4xx_hal_msp.c.obj
 .debug_frame   0x00000000000000f4      0x108 CMakeFiles/Project123.elf.dir/Core/Src/stm32f4xx_it.c.obj
 .debug_frame   0x00000000000001fc       0x30 CMakeFiles/Project123.elf.dir/Core/Src/system_stm32f4xx.c.obj
 .debug_frame   0x000000000000022c       0x68 CMakeFiles/Project123.elf.dir/Core/Src/tim.c.obj
 .debug_frame   0x0000000000000294       0x80 CMakeFiles/Project123.elf.dir/Core/Src/usart.c.obj
 .debug_frame   0x0000000000000314      0x1ec CMakeFiles/Project123.elf.dir/Drivers/STM32F4xx_HAL_Driver/Src/stm32f4xx_hal.c.obj
 .debug_frame   0x0000000000000500      0x15c CMakeFiles/Project123.elf.dir/Drivers/STM32F4xx_HAL_Driver/Src/stm32f4xx_hal_cortex.c.obj
 .debug_frame   0x000000000000065c      0x188 CMakeFiles/Project123.elf.dir/Drivers/STM32F4xx_HAL_Driver/Src/stm32f4xx_hal_dma.c.obj
 .debug_frame   0x00000000000007e4       0xd8 CMakeFiles/Project123.elf.dir/Drivers/STM32F4xx_HAL_Driver/Src/stm32f4xx_hal_gpio.c.obj
 .debug_frame   0x00000000000008bc      0x174 CMakeFiles/Project123.elf.dir/Drivers/STM32F4xx_HAL_Driver/Src/stm32f4xx_hal_rcc.c.obj
 .debug_frame   0x0000000000000a30      0xa7c CMakeFiles/Project123.elf.dir/Drivers/STM32F4xx_HAL_Driver/Src/stm32f4xx_hal_tim.c.obj
 .debug_frame   0x00000000000014ac      0x3b4 CMakeFiles/Project123.elf.dir/Drivers/STM32F4xx_HAL_Driver/Src/stm32f4xx_hal_tim_ex.c.obj
 .debug_frame   0x0000000000001860      0x4ec CMakeFiles/Project123.elf.dir/Drivers/STM32F4xx_HAL_Driver/Src/stm32f4xx_hal_uart.c.obj
 .debug_frame   0x0000000000001d4c       0x2c /usr/local/Cellar/arm-none-eabi-gcc/9-2019-q4-major/gcc/bin/../lib/gcc/arm-none-eabi/9.2.1/thumb/v7e-m/nofp/libgcc.a(_aeabi_uldivmod.o)
 .debug_frame   0x0000000000001d78       0x34 /usr/local/Cellar/arm-none-eabi-gcc/9-2019-q4-major/gcc/bin/../lib/gcc/arm-none-eabi/9.2.1/thumb/v7e-m/nofp/libgcc.a(_udivmoddi4.o)
 .debug_frame   0x0000000000001dac       0x2c /usr/local/Cellar/arm-none-eabi-gcc/9-2019-q4-major/gcc/bin/../lib/gcc/arm-none-eabi/9.2.1/../../../../arm-none-eabi/lib/thumb/v7e-m/nofp/libg.a(lib_a-init.o)
 .debug_frame   0x0000000000001dd8       0x38 /usr/local/Cellar/arm-none-eabi-gcc/9-2019-q4-major/gcc/bin/../lib/gcc/arm-none-eabi/9.2.1/../../../../arm-none-eabi/lib/thumb/v7e-m/nofp/libg.a(lib_a-memset.o)
 .debug_frame   0x0000000000001e10       0x5c /usr/local/Cellar/arm-none-eabi-gcc/9-2019-q4-major/gcc/bin/../lib/gcc/arm-none-eabi/9.2.1/../../../../arm-none-eabi/lib/thumb/v7e-m/nofp/libg.a(lib_a-__call_atexit.o)
 .debug_frame   0x0000000000001e6c       0x20 /usr/local/Cellar/arm-none-eabi-gcc/9-2019-q4-major/gcc/bin/../lib/gcc/arm-none-eabi/9.2.1/../../../../arm-none-eabi/lib/thumb/v7e-m/nofp/libg.a(lib_a-atexit.o)
 .debug_frame   0x0000000000001e8c       0x34 /usr/local/Cellar/arm-none-eabi-gcc/9-2019-q4-major/gcc/bin/../lib/gcc/arm-none-eabi/9.2.1/../../../../arm-none-eabi/lib/thumb/v7e-m/nofp/libg.a(lib_a-fini.o)
 .debug_frame   0x0000000000001ec0       0xb0 /usr/local/Cellar/arm-none-eabi-gcc/9-2019-q4-major/gcc/bin/../lib/gcc/arm-none-eabi/9.2.1/../../../../arm-none-eabi/lib/thumb/v7e-m/nofp/libg.a(lib_a-lock.o)
 .debug_frame   0x0000000000001f70       0x34 /usr/local/Cellar/arm-none-eabi-gcc/9-2019-q4-major/gcc/bin/../lib/gcc/arm-none-eabi/9.2.1/../../../../arm-none-eabi/lib/thumb/v7e-m/nofp/libg.a(lib_a-__atexit.o)

.debug_loc      0x0000000000000000     0x8749
 .debug_loc     0x0000000000000000      0x122 CMakeFiles/Project123.elf.dir/Core/Src/main.c.obj
 .debug_loc     0x0000000000000122      0x16c CMakeFiles/Project123.elf.dir/Core/Src/system_stm32f4xx.c.obj
 .debug_loc     0x000000000000028e       0x84 CMakeFiles/Project123.elf.dir/Core/Src/tim.c.obj
 .debug_loc     0x0000000000000312       0x94 CMakeFiles/Project123.elf.dir/Core/Src/usart.c.obj
 .debug_loc     0x00000000000003a6      0x141 CMakeFiles/Project123.elf.dir/Drivers/STM32F4xx_HAL_Driver/Src/stm32f4xx_hal.c.obj
 .debug_loc     0x00000000000004e7      0x744 CMakeFiles/Project123.elf.dir/Drivers/STM32F4xx_HAL_Driver/Src/stm32f4xx_hal_cortex.c.obj
 .debug_loc     0x0000000000000c2b      0xbf9 CMakeFiles/Project123.elf.dir/Drivers/STM32F4xx_HAL_Driver/Src/stm32f4xx_hal_dma.c.obj
 .debug_loc     0x0000000000001824      0x4ff CMakeFiles/Project123.elf.dir/Drivers/STM32F4xx_HAL_Driver/Src/stm32f4xx_hal_gpio.c.obj
 .debug_loc     0x0000000000001d23      0x56f CMakeFiles/Project123.elf.dir/Drivers/STM32F4xx_HAL_Driver/Src/stm32f4xx_hal_rcc.c.obj
 .debug_loc     0x0000000000002292     0x3a8e CMakeFiles/Project123.elf.dir/Drivers/STM32F4xx_HAL_Driver/Src/stm32f4xx_hal_tim.c.obj
 .debug_loc     0x0000000000005d20     0x1164 CMakeFiles/Project123.elf.dir/Drivers/STM32F4xx_HAL_Driver/Src/stm32f4xx_hal_tim_ex.c.obj
 .debug_loc     0x0000000000006e84     0x18c5 CMakeFiles/Project123.elf.dir/Drivers/STM32F4xx_HAL_Driver/Src/stm32f4xx_hal_uart.c.obj
